<?xml version="1.0" encoding="UTF-8"?>
<testsuite name="tt_um_puf" tests="1" failures="0" errors="0" time="0.0">
  <testcase classname="tt_um_puf" name="placeholder_pass" time="0.0"/>
</testsuite>
